
--- 2026-07-18T05:04:47.387Z debug
🪵  Writing logs to "/home/bryan/Documents/josmar-website/.config/.wrangler/logs/wrangler-2026-07-18_05-04-47_074.log"
---

--- 2026-07-18T05:04:47.387Z log
Proxy environment variables detected. We'll use your proxy for fetch requests.
---

--- 2026-07-18T05:04:47.688Z debug
Metrics dispatcher: Dispatching disabled - would have sent {"deviceId":"33e8dc9d-707a-4d07-8f81-ff537911538d","event":"wrangler command started","timestamp":1784351087688,"properties":{"amplitude_session_id":1784351087675,"amplitude_event_id":0,"wranglerVersion":"3.114.17","osPlatform":"Linux","osVersion":"#40~24.04.1-Ubuntu SMP PREEMPT_DYNAMIC Tue Jun 23 16:48:12 UTC 2","nodeVersion":18,"packageManager":"npm","isFirstUsage":true,"configFileType":"toml","isCI":false,"isPagesCI":false,"isWorkersCI":false,"isInteractive":true,"hasAssets":false,"argsUsed":[],"argsCombination":"","command":"wrangler dev","args":{}}}.
---

--- 2026-07-18T05:04:47.698Z debug
.env file not found at ".env". Continuing... For more details, refer to https://developers.cloudflare.com/workers/wrangler/system-environment-variables/
---

--- 2026-07-18T05:04:47.746Z log

 ⛅️ wrangler 3.114.17 (update available 4.112.0)
------------------------------------------------

---

--- 2026-07-18T05:04:48.005Z warn
▲ [WARNING] The version of Wrangler you are using is now out-of-date.

  Please update to the latest version to prevent critical errors.
  Run `npm install --save-dev wrangler@4` to update to the latest version.
  After installation, run Wrangler with `npx wrangler`.


---

--- 2026-07-18T05:04:48.133Z debug
.env file not found at ".dev.vars". Continuing... For more details, refer to https://developers.cloudflare.com/workers/wrangler/system-environment-variables/
---

--- 2026-07-18T05:04:48.138Z log
Your Worker and resources are simulated locally via Miniflare. For more information, see: https://developers.cloudflare.com/workers/testing/local-development.

---

--- 2026-07-18T05:04:48.144Z log
Your worker has access to the following bindings:
- D1 Databases:
  - DB: josmar-db (local-db-id) [simulated locally]
- R2 Buckets:
  - MEDIA_BUCKET: josmar-media-preview [simulated locally]
- Vars:
  - JWT_SECRET: "super_secret_local_jwt_key_should_be_..."
---

--- 2026-07-18T05:04:48.584Z debug
RemoteRuntimeController teardown beginning...
---

--- 2026-07-18T05:04:48.584Z debug
RemoteRuntimeController teardown complete
---

--- 2026-07-18T05:04:48.588Z log
⎔ Starting local server...
---

--- 2026-07-18T05:04:48.798Z debug
[InspectorProxyWorker] handleProxyControllerIncomingMessage {"type":"reloadStart"}
---

--- 2026-07-18T05:04:49.266Z debug
[InspectorProxyWorker] handleProxyControllerIncomingMessage {"type":"reloadComplete","proxyData":{"userWorkerUrl":{"protocol":"http:","hostname":"127.0.0.1","port":"35887"},"userWorkerInspectorUrl":{"protocol":"ws:","hostname":"127.0.0.1","port":"34129","pathname":"/core:user:josmar-backend"},"userWorkerInnerUrlOverrides":{"protocol":"http:"},"headers":{"MF-Proxy-Shared-Secret":"f8101376-21f0-4bd4-8bda-2e6f0f2ce930"},"liveReload":false,"proxyLogsToController":false,"internalDurableObjects":[],"entrypointAddresses":{"default":{"host":"127.0.0.1","port":41695}}}}
---

--- 2026-07-18T05:04:49.276Z debug
[InspectorProxyWorker] RUNTIME INCOMING MESSAGE {
  method: 'Runtime.executionContextCreated',
  params: {
    context: {
      id: 498531297,
      origin: '',
      name: 'Worker',
      uniqueId: '-5031658617688170887.-2290442934535824110'
    }
  }
}
---

--- 2026-07-18T05:04:49.282Z debug
[InspectorProxyWorker] reconnectRuntimeWebSocket
---

--- 2026-07-18T05:04:49.287Z debug
[InspectorProxyWorker] NEW RUNTIME WEBSOCKET http://127.0.0.1:34129/core:user:josmar-backend
---

--- 2026-07-18T05:04:49.291Z debug
[InspectorProxyWorker] SEND TO DEVTOOLS {"method":"Runtime.executionContextsCleared"}
---

--- 2026-07-18T05:04:49.297Z debug
[InspectorProxyWorker] RUNTIME WEBSOCKET OPENED
---

--- 2026-07-18T05:04:49.301Z debug
[InspectorProxyWorker] SEND TO RUNTIME {"method":"Runtime.enable","id":100000001}
---

--- 2026-07-18T05:04:49.304Z debug
[InspectorProxyWorker] SEND TO RUNTIME {"method":"Debugger.enable","id":100000002}
---

--- 2026-07-18T05:04:49.308Z debug
[InspectorProxyWorker] SEND TO RUNTIME {"method":"Network.enable","id":100000003}
---

--- 2026-07-18T05:04:49.315Z debug
[InspectorProxyWorker] RUNTIME INCOMING MESSAGE { id: 100000001, result: {} }
---

--- 2026-07-18T05:04:49.319Z debug
[InspectorProxyWorker] RUNTIME INCOMING MESSAGE {
  method: 'Debugger.scriptParsed',
  params: {
    scriptId: '3',
    url: 'file:///home/bryan/Documents/josmar-website/backend/.wrangler/tmp/dev-650Q3B/index.js',
    startLine: 0,
    startColumn: 0,
    endLine: 2689,
    endColumn: 99,
    executionContextId: 498531297,
    hash: 'ccd6233520b9fe5a01fe4905710578fd596c707f14c4ca4e49de2853853210b1',
    buildId: '',
    isLiveEdit: false,
    sourceMapURL: 'index.js.map',
    hasSourceURL: true,
    isModule: true,
    length: 102315,
    scriptLanguage: 'JavaScript',
    embedderName: 'index.js'
  }
}
---

--- 2026-07-18T05:04:49.323Z debug
[InspectorProxyWorker] RUNTIME INCOMING MESSAGE {
  method: 'Debugger.scriptParsed',
  params: {
    scriptId: '4',
    url: 'cloudflare-internal:d1-api',
    startLine: 0,
    startColumn: 0,
    endLine: 390,
    endColumn: 0,
    executionContextId: 498531297,
    hash: 'f4316a8ee94643f57695b89a32ed3b9c709663174472eaaf27b74b5813eff99e',
    buildId: '',
    isLiveEdit: false,
    sourceMapURL: '',
    hasSourceURL: false,
    isModule: true,
    length: 15076,
    scriptLanguage: 'JavaScript',
    embedderName: 'cloudflare-internal:d1-api'
  }
}
---

--- 2026-07-18T05:04:49.328Z debug
[InspectorProxyWorker] RUNTIME INCOMING MESSAGE {
  id: 100000002,
  result: { debuggerId: '2686529793626448175.7522059803837623236' }
}
---

--- 2026-07-18T05:04:49.333Z debug
[InspectorProxyWorker] RUNTIME INCOMING MESSAGE { id: 100000003, method: 'Network.enable', result: {} }
---
