
--- 2026-07-18T05:05:27.359Z debug
🪵  Writing logs to "/home/bryan/Documents/josmar-website/.config/.wrangler/logs/wrangler-2026-07-18_05-05-27_016.log"
---

--- 2026-07-18T05:05:27.358Z log
Proxy environment variables detected. We'll use your proxy for fetch requests.
---

--- 2026-07-18T05:05:27.515Z debug
Metrics dispatcher: Dispatching disabled - would have sent {"deviceId":"33e8dc9d-707a-4d07-8f81-ff537911538d","event":"wrangler command started","timestamp":1784351127515,"properties":{"amplitude_session_id":1784351127511,"amplitude_event_id":0,"wranglerVersion":"3.114.17","osPlatform":"Linux","osVersion":"#40~24.04.1-Ubuntu SMP PREEMPT_DYNAMIC Tue Jun 23 16:48:12 UTC 2","nodeVersion":18,"packageManager":"npm","isFirstUsage":true,"configFileType":"toml","isCI":false,"isPagesCI":false,"isWorkersCI":false,"isInteractive":true,"hasAssets":false,"argsUsed":["local"],"argsCombination":"local","command":"wrangler d1 execute","args":{}}}.
---

--- 2026-07-18T05:05:27.520Z debug
.env file not found at ".env". Continuing... For more details, refer to https://developers.cloudflare.com/workers/wrangler/system-environment-variables/
---

--- 2026-07-18T05:05:27.563Z log

 ⛅️ wrangler 3.114.17 (update available 4.112.0)
------------------------------------------------

---

--- 2026-07-18T05:05:27.812Z warn
▲ [WARNING] The version of Wrangler you are using is now out-of-date.

  Please update to the latest version to prevent critical errors.
  Run `npm install --save-dev wrangler@4` to update to the latest version.
  After installation, run Wrangler with `npx wrangler`.


---

--- 2026-07-18T05:05:27.828Z debug
No experimental flag store instantiated
---

--- 2026-07-18T05:05:27.828Z debug
Attempted to use flag "RESOURCES_PROVISION" which has not been instantiated
---

--- 2026-07-18T05:05:27.829Z debug
No experimental flag store instantiated
---

--- 2026-07-18T05:05:27.829Z debug
Attempted to use flag "RESOURCES_PROVISION" which has not been instantiated
---

--- 2026-07-18T05:05:27.841Z log
🌀 Executing on local database josmar-db (local-db-id) from .wrangler/state/v3/d1:
---

--- 2026-07-18T05:05:27.842Z log
🌀 To execute on your remote database, add a --remote flag to your wrangler command.
---

--- 2026-07-18T05:05:29.548Z log
🚣 46 commands executed successfully.
---

--- 2026-07-18T05:05:29.553Z debug
Metrics dispatcher: Dispatching disabled - would have sent {"deviceId":"33e8dc9d-707a-4d07-8f81-ff537911538d","event":"wrangler command completed","timestamp":1784351129553,"properties":{"amplitude_session_id":1784351127511,"amplitude_event_id":1,"wranglerVersion":"3.114.17","osPlatform":"Linux","osVersion":"#40~24.04.1-Ubuntu SMP PREEMPT_DYNAMIC Tue Jun 23 16:48:12 UTC 2","nodeVersion":18,"packageManager":"npm","isFirstUsage":true,"configFileType":"toml","isCI":false,"isPagesCI":false,"isWorkersCI":false,"isInteractive":true,"hasAssets":false,"argsUsed":["local"],"argsCombination":"local","command":"wrangler d1 execute","args":{},"durationMs":2154,"durationSeconds":2.154,"durationMinutes":0.0359}}.
---
