
--- 2026-07-18T13:17:30.299Z debug
🪵  Writing logs to "/home/bryan/Documents/josmar-website/.config/.wrangler/logs/wrangler-2026-07-18_13-17-30_161.log"
---

--- 2026-07-18T13:17:30.299Z debug
Metrics dispatcher: Dispatching disabled - would have sent {"deviceId":"33e8dc9d-707a-4d07-8f81-ff537911538d","event":"wrangler command started","timestamp":1784380650299,"properties":{"amplitude_session_id":1784380650297,"amplitude_event_id":0,"wranglerVersion":"3.114.17","osPlatform":"Linux","osVersion":"#28~24.04.1-Ubuntu SMP PREEMPT_DYNAMIC Wed Jul  1 15:50:57 UTC 2","nodeVersion":18,"packageManager":"npm","isFirstUsage":true,"configFileType":"toml","isCI":false,"isPagesCI":false,"isWorkersCI":false,"isInteractive":true,"hasAssets":false,"argsUsed":[],"argsCombination":"","command":"wrangler dev","args":{}}}.
---

--- 2026-07-18T13:17:30.304Z debug
.env file not found at ".env". Continuing... For more details, refer to https://developers.cloudflare.com/workers/wrangler/system-environment-variables/
---

--- 2026-07-18T13:17:32.262Z log

 ⛅️ wrangler 3.114.17 (update available 4.112.0)
----------------------------------------------------------

---

--- 2026-07-18T13:17:32.365Z warn
▲ [WARNING] The version of Wrangler you are using is now out-of-date.

  Please update to the latest version to prevent critical errors.
  Run `npm install --save-dev wrangler@4` to update to the latest version.
  After installation, run Wrangler with `npx wrangler`.


---

--- 2026-07-18T13:17:32.404Z debug
.env file not found at ".dev.vars". Continuing... For more details, refer to https://developers.cloudflare.com/workers/wrangler/system-environment-variables/
---

--- 2026-07-18T13:17:32.405Z log
Your Worker and resources are simulated locally via Miniflare. For more information, see: https://developers.cloudflare.com/workers/testing/local-development.

---

--- 2026-07-18T13:17:32.406Z log
Your worker has access to the following bindings:
- D1 Databases:
  - DB: josmar-db (local-db-id) [simulated locally]
- R2 Buckets:
  - MEDIA_BUCKET: josmar-media-preview [simulated locally]
- Vars:
  - JWT_SECRET: "super_secret_local_jwt_key_should_be_..."
---

--- 2026-07-18T13:17:32.544Z debug
RemoteRuntimeController teardown beginning...
---

--- 2026-07-18T13:17:32.544Z debug
RemoteRuntimeController teardown complete
---

--- 2026-07-18T13:17:32.548Z log
⎔ Starting local server...
---

--- 2026-07-18T13:17:32.610Z debug
[InspectorProxyWorker] handleProxyControllerIncomingMessage {"type":"reloadStart"}
---

--- 2026-07-18T13:17:32.731Z debug
[InspectorProxyWorker] RUNTIME WEBSOCKET OPENED
---

--- 2026-07-18T13:17:32.734Z debug
[InspectorProxyWorker] handleProxyControllerIncomingMessage {"type":"reloadComplete","proxyData":{"userWorkerUrl":{"protocol":"http:","hostname":"127.0.0.1","port":"41455"},"userWorkerInspectorUrl":{"protocol":"ws:","hostname":"127.0.0.1","port":"36037","pathname":"/core:user:josmar-backend"},"userWorkerInnerUrlOverrides":{"protocol":"http:"},"headers":{"MF-Proxy-Shared-Secret":"547fafbb-c96c-46fd-a8ef-bc2829e637df"},"liveReload":false,"proxyLogsToController":false,"internalDurableObjects":[],"entrypointAddresses":{"default":{"host":"127.0.0.1","port":42371}}}}
---

--- 2026-07-18T13:17:32.737Z debug
[InspectorProxyWorker] reconnectRuntimeWebSocket
---

--- 2026-07-18T13:17:32.743Z debug
[InspectorProxyWorker] RUNTIME INCOMING MESSAGE {
  method: 'Debugger.scriptParsed',
  params: {
    scriptId: '3',
    url: 'file:///home/bryan/Documents/josmar-website/backend/.wrangler/tmp/dev-sHTSyn/index.js',
    startLine: 0,
    startColumn: 0,
    endLine: 2943,
    endColumn: 99,
    executionContextId: 11115585,
    hash: 'a5c03194f68f6685347ed7c98166fffc130ba0e7d90de260c190e68778174068',
    buildId: '',
    isLiveEdit: false,
    sourceMapURL: 'index.js.map',
    hasSourceURL: true,
    isModule: true,
    length: 110316,
    scriptLanguage: 'JavaScript',
    embedderName: 'index.js'
  }
}
---

--- 2026-07-18T13:17:32.744Z debug
[InspectorProxyWorker] RUNTIME INCOMING MESSAGE {
  method: 'Debugger.scriptParsed',
  params: {
    scriptId: '4',
    url: 'cloudflare-internal:d1-api',
    startLine: 0,
    startColumn: 0,
    endLine: 390,
    endColumn: 0,
    executionContextId: 11115585,
    hash: 'f4316a8ee94643f57695b89a32ed3b9c709663174472eaaf27b74b5813eff99e',
    buildId: '',
    isLiveEdit: false,
    sourceMapURL: '',
    hasSourceURL: false,
    isModule: true,
    length: 15076,
    scriptLanguage: 'JavaScript',
    embedderName: 'cloudflare-internal:d1-api'
  }
}
---

--- 2026-07-18T13:17:32.745Z debug
[InspectorProxyWorker] NEW RUNTIME WEBSOCKET http://127.0.0.1:36037/core:user:josmar-backend
---

--- 2026-07-18T13:17:32.746Z debug
[InspectorProxyWorker] SEND TO DEVTOOLS {"method":"Runtime.executionContextsCleared"}
---

--- 2026-07-18T13:17:32.747Z debug
[InspectorProxyWorker] SEND TO RUNTIME {"method":"Runtime.enable","id":100000001}
---

--- 2026-07-18T13:17:32.749Z debug
[InspectorProxyWorker] SEND TO RUNTIME {"method":"Debugger.enable","id":100000002}
---

--- 2026-07-18T13:17:32.750Z debug
[InspectorProxyWorker] SEND TO RUNTIME {"method":"Network.enable","id":100000003}
---

--- 2026-07-18T13:17:32.751Z debug
[InspectorProxyWorker] RUNTIME INCOMING MESSAGE {
  method: 'Runtime.executionContextCreated',
  params: {
    context: {
      id: 11115585,
      origin: '',
      name: 'Worker',
      uniqueId: '-3472582098970626487.389578732673040661'
    }
  }
}
---

--- 2026-07-18T13:17:32.752Z debug
[InspectorProxyWorker] RUNTIME INCOMING MESSAGE { id: 100000001, result: {} }
---

--- 2026-07-18T13:17:32.753Z debug
[InspectorProxyWorker] RUNTIME INCOMING MESSAGE {
  id: 100000002,
  result: { debuggerId: '6198638812789140139.3811205865824758054' }
}
---

--- 2026-07-18T13:17:32.754Z debug
[InspectorProxyWorker] RUNTIME INCOMING MESSAGE { id: 100000003, method: 'Network.enable', result: {} }
---

--- 2026-07-18T13:17:42.737Z debug
[InspectorProxyWorker] SEND TO RUNTIME {"method":"Runtime.getIsolateId","id":100000004}
---

--- 2026-07-18T13:17:42.740Z debug
[InspectorProxyWorker] RUNTIME INCOMING MESSAGE { id: 100000004, result: { id: '7c4a534aa409d2e4' } }
---

--- 2026-07-18T13:17:52.736Z debug
[InspectorProxyWorker] SEND TO RUNTIME {"method":"Runtime.getIsolateId","id":100000005}
---

--- 2026-07-18T13:17:52.738Z debug
[InspectorProxyWorker] RUNTIME INCOMING MESSAGE { id: 100000005, result: { id: '7c4a534aa409d2e4' } }
---

--- 2026-07-18T13:18:02.735Z debug
[InspectorProxyWorker] SEND TO RUNTIME {"method":"Runtime.getIsolateId","id":100000006}
---

--- 2026-07-18T13:18:02.736Z debug
[InspectorProxyWorker] RUNTIME INCOMING MESSAGE { id: 100000006, result: { id: '7c4a534aa409d2e4' } }
---

--- 2026-07-18T13:18:04.958Z debug
DevEnv teardown beginning...
---

--- 2026-07-18T13:18:04.959Z debug
ConfigController teardown beginning...
---

--- 2026-07-18T13:18:04.960Z debug
BundlerController teardown beginning...
---

--- 2026-07-18T13:18:04.964Z debug
LocalRuntimeController teardown beginning...
---

--- 2026-07-18T13:18:04.964Z log
⎔ Shutting down local server...
---

--- 2026-07-18T13:18:04.965Z debug
RemoteRuntimeController teardown beginning...
---

--- 2026-07-18T13:18:04.965Z debug
RemoteRuntimeController teardown complete
---

--- 2026-07-18T13:18:04.965Z debug
ProxyController teardown beginning...
---

--- 2026-07-18T13:18:04.966Z debug
ConfigController teardown complete
---

--- 2026-07-18T13:18:04.986Z debug
LocalRuntimeController teardown complete
---

--- 2026-07-18T13:18:04.988Z debug
ProxyController teardown complete
---

--- 2026-07-18T13:18:05.061Z debug
BundlerController teardown complete
---

--- 2026-07-18T13:18:05.061Z debug
DevEnv teardown complete
---

--- 2026-07-18T13:18:05.068Z debug
Metrics dispatcher: Dispatching disabled - would have sent {"deviceId":"33e8dc9d-707a-4d07-8f81-ff537911538d","event":"wrangler command completed","timestamp":1784380685068,"properties":{"amplitude_session_id":1784380650297,"amplitude_event_id":1,"wranglerVersion":"3.114.17","osPlatform":"Linux","osVersion":"#28~24.04.1-Ubuntu SMP PREEMPT_DYNAMIC Wed Jul  1 15:50:57 UTC 2","nodeVersion":18,"packageManager":"npm","isFirstUsage":true,"configFileType":"toml","isCI":false,"isPagesCI":false,"isWorkersCI":false,"isInteractive":true,"hasAssets":false,"argsUsed":[],"argsCombination":"","command":"wrangler dev","args":{},"durationMs":34800,"durationSeconds":34.8,"durationMinutes":0.58}}.
---
