
--- 2026-07-18T10:10:45.023Z debug
🪵  Writing logs to "/home/bryan/Documents/josmar-website/.config/.wrangler/logs/wrangler-2026-07-18_10-10-44_654.log"
---

--- 2026-07-18T10:10:45.023Z log
Proxy environment variables detected. We'll use your proxy for fetch requests.
---

--- 2026-07-18T10:10:45.204Z debug
Metrics dispatcher: Dispatching disabled - would have sent {"deviceId":"33e8dc9d-707a-4d07-8f81-ff537911538d","event":"wrangler command started","timestamp":1784369445204,"properties":{"amplitude_session_id":1784369445196,"amplitude_event_id":0,"wranglerVersion":"3.114.17","osPlatform":"Linux","osVersion":"#28~24.04.1-Ubuntu SMP PREEMPT_DYNAMIC Wed Jul  1 15:50:57 UTC 2","nodeVersion":18,"packageManager":"npm","isFirstUsage":true,"configFileType":"toml","isCI":false,"isPagesCI":false,"isWorkersCI":false,"isInteractive":true,"hasAssets":false,"argsUsed":["local"],"argsCombination":"local","command":"wrangler d1 execute","args":{}}}.
---

--- 2026-07-18T10:10:45.211Z debug
.env file not found at ".env". Continuing... For more details, refer to https://developers.cloudflare.com/workers/wrangler/system-environment-variables/
---

--- 2026-07-18T10:10:45.339Z log

 ⛅️ wrangler 3.114.17
---------------------

---

--- 2026-07-18T10:10:45.363Z debug
No experimental flag store instantiated
---

--- 2026-07-18T10:10:45.363Z debug
Attempted to use flag "RESOURCES_PROVISION" which has not been instantiated
---

--- 2026-07-18T10:10:45.364Z debug
No experimental flag store instantiated
---

--- 2026-07-18T10:10:45.365Z debug
Attempted to use flag "RESOURCES_PROVISION" which has not been instantiated
---

--- 2026-07-18T10:10:45.376Z log
🌀 Executing on local database josmar-db (local-db-id) from .wrangler/state/v3/d1:
---

--- 2026-07-18T10:10:45.377Z log
🌀 To execute on your remote database, add a --remote flag to your wrangler command.
---

--- 2026-07-18T10:10:46.955Z log
🚣 1 command executed successfully.
---

--- 2026-07-18T10:10:46.962Z debug
Metrics dispatcher: Dispatching disabled - would have sent {"deviceId":"33e8dc9d-707a-4d07-8f81-ff537911538d","event":"wrangler command completed","timestamp":1784369446962,"properties":{"amplitude_session_id":1784369445196,"amplitude_event_id":1,"wranglerVersion":"3.114.17","osPlatform":"Linux","osVersion":"#28~24.04.1-Ubuntu SMP PREEMPT_DYNAMIC Wed Jul  1 15:50:57 UTC 2","nodeVersion":18,"packageManager":"npm","isFirstUsage":true,"configFileType":"toml","isCI":false,"isPagesCI":false,"isWorkersCI":false,"isInteractive":true,"hasAssets":false,"argsUsed":["local"],"argsCombination":"local","command":"wrangler d1 execute","args":{},"durationMs":1877,"durationSeconds":1.877,"durationMinutes":0.03128333333333334}}.
---
