
--- 2026-07-18T05:35:08.499Z debug
🪵  Writing logs to "/home/bryan/Documents/josmar-website/.config/.wrangler/logs/wrangler-2026-07-18_05-35-08_415.log"
---

--- 2026-07-18T05:35:08.499Z log
Proxy environment variables detected. We'll use your proxy for fetch requests.
---

--- 2026-07-18T05:35:08.547Z debug
Metrics dispatcher: Dispatching disabled - would have sent {"deviceId":"33e8dc9d-707a-4d07-8f81-ff537911538d","event":"wrangler command started","timestamp":1784352908547,"properties":{"amplitude_session_id":1784352908544,"amplitude_event_id":0,"wranglerVersion":"3.114.17","osPlatform":"Linux","osVersion":"#40~24.04.1-Ubuntu SMP PREEMPT_DYNAMIC Tue Jun 23 16:48:12 UTC 2","nodeVersion":18,"packageManager":"npm","isFirstUsage":true,"configFileType":"toml","isCI":false,"isPagesCI":false,"isWorkersCI":false,"isInteractive":true,"hasAssets":false,"argsUsed":[],"argsCombination":"","command":"wrangler dev","args":{}}}.
---

--- 2026-07-18T05:35:08.550Z debug
.env file not found at ".env". Continuing... For more details, refer to https://developers.cloudflare.com/workers/wrangler/system-environment-variables/
---

--- 2026-07-18T05:35:08.564Z log

 ⛅️ wrangler 3.114.17 (update available 4.112.0)
------------------------------------------------

---

--- 2026-07-18T05:35:08.649Z warn
▲ [WARNING] The version of Wrangler you are using is now out-of-date.

  Please update to the latest version to prevent critical errors.
  Run `npm install --save-dev wrangler@4` to update to the latest version.
  After installation, run Wrangler with `npx wrangler`.


---

--- 2026-07-18T05:35:08.699Z debug
.env file not found at ".dev.vars". Continuing... For more details, refer to https://developers.cloudflare.com/workers/wrangler/system-environment-variables/
---

--- 2026-07-18T05:35:08.700Z log
Your Worker and resources are simulated locally via Miniflare. For more information, see: https://developers.cloudflare.com/workers/testing/local-development.

---

--- 2026-07-18T05:35:08.701Z log
Your worker has access to the following bindings:
- D1 Databases:
  - DB: josmar-db (local-db-id) [simulated locally]
- R2 Buckets:
  - MEDIA_BUCKET: josmar-media-preview [simulated locally]
- Vars:
  - JWT_SECRET: "super_secret_local_jwt_key_should_be_..."
---

--- 2026-07-18T05:35:08.862Z debug
RemoteRuntimeController teardown beginning...
---

--- 2026-07-18T05:35:08.862Z debug
RemoteRuntimeController teardown complete
---

--- 2026-07-18T05:35:08.864Z log
⎔ Starting local server...
---

--- 2026-07-18T05:35:08.904Z debug
[InspectorProxyWorker] handleProxyControllerIncomingMessage {"type":"reloadStart"}
---

--- 2026-07-18T05:35:09.065Z debug
[InspectorProxyWorker] handleProxyControllerIncomingMessage {"type":"reloadComplete","proxyData":{"userWorkerUrl":{"protocol":"http:","hostname":"127.0.0.1","port":"42891"},"userWorkerInspectorUrl":{"protocol":"ws:","hostname":"127.0.0.1","port":"38745","pathname":"/core:user:josmar-backend"},"userWorkerInnerUrlOverrides":{"protocol":"http:"},"headers":{"MF-Proxy-Shared-Secret":"95b06e42-512f-46a9-8fa2-41b904f7a52c"},"liveReload":false,"proxyLogsToController":false,"internalDurableObjects":[],"entrypointAddresses":{"default":{"host":"127.0.0.1","port":43949}}}}
---

--- 2026-07-18T05:35:09.069Z debug
[InspectorProxyWorker] RUNTIME INCOMING MESSAGE {
  method: 'Debugger.scriptParsed',
  params: {
    scriptId: '3',
    url: 'file:///home/bryan/Documents/josmar-website/backend/.wrangler/tmp/dev-FcAfsa/index.js',
    startLine: 0,
    startColumn: 0,
    endLine: 2689,
    endColumn: 99,
    executionContextId: 432142945,
    hash: '922ba0df5bd55ec80b460431ece4339a006df46b386c70c1130e0af26c8a41da',
    buildId: '',
    isLiveEdit: false,
    sourceMapURL: 'index.js.map',
    hasSourceURL: true,
    isModule: true,
    length: 102315,
    scriptLanguage: 'JavaScript',
    embedderName: 'index.js'
  }
}
---

--- 2026-07-18T05:35:09.070Z debug
[InspectorProxyWorker] reconnectRuntimeWebSocket
---

--- 2026-07-18T05:35:09.072Z debug
[InspectorProxyWorker] NEW RUNTIME WEBSOCKET http://127.0.0.1:38745/core:user:josmar-backend
---

--- 2026-07-18T05:35:09.073Z debug
[InspectorProxyWorker] SEND TO DEVTOOLS {"method":"Runtime.executionContextsCleared"}
---

--- 2026-07-18T05:35:09.077Z debug
[InspectorProxyWorker] RUNTIME WEBSOCKET OPENED
---

--- 2026-07-18T05:35:09.079Z debug
[InspectorProxyWorker] SEND TO RUNTIME {"method":"Runtime.enable","id":100000001}
---

--- 2026-07-18T05:35:09.081Z debug
[InspectorProxyWorker] SEND TO RUNTIME {"method":"Debugger.enable","id":100000002}
---

--- 2026-07-18T05:35:09.082Z debug
[InspectorProxyWorker] SEND TO RUNTIME {"method":"Network.enable","id":100000003}
---

--- 2026-07-18T05:35:09.083Z debug
[InspectorProxyWorker] RUNTIME INCOMING MESSAGE {
  method: 'Runtime.executionContextCreated',
  params: {
    context: {
      id: 432142945,
      origin: '',
      name: 'Worker',
      uniqueId: '446815545058436295.7394179484561394582'
    }
  }
}
---

--- 2026-07-18T05:35:09.084Z debug
[InspectorProxyWorker] RUNTIME INCOMING MESSAGE { id: 100000001, result: {} }
---

--- 2026-07-18T05:35:09.085Z debug
[InspectorProxyWorker] RUNTIME INCOMING MESSAGE {
  method: 'Debugger.scriptParsed',
  params: {
    scriptId: '4',
    url: 'cloudflare-internal:d1-api',
    startLine: 0,
    startColumn: 0,
    endLine: 390,
    endColumn: 0,
    executionContextId: 432142945,
    hash: 'f4316a8ee94643f57695b89a32ed3b9c709663174472eaaf27b74b5813eff99e',
    buildId: '',
    isLiveEdit: false,
    sourceMapURL: '',
    hasSourceURL: false,
    isModule: true,
    length: 15076,
    scriptLanguage: 'JavaScript',
    embedderName: 'cloudflare-internal:d1-api'
  }
}
---

--- 2026-07-18T05:35:09.086Z debug
[InspectorProxyWorker] RUNTIME INCOMING MESSAGE {
  id: 100000002,
  result: { debuggerId: '3185254416735411441.1597699767420972213' }
}
---

--- 2026-07-18T05:35:09.087Z debug
[InspectorProxyWorker] RUNTIME INCOMING MESSAGE { id: 100000003, method: 'Network.enable', result: {} }
---

--- 2026-07-18T05:35:19.062Z debug
[InspectorProxyWorker] SEND TO RUNTIME {"method":"Runtime.getIsolateId","id":100000004}
---

--- 2026-07-18T05:35:19.064Z debug
[InspectorProxyWorker] RUNTIME INCOMING MESSAGE { id: 100000004, result: { id: '74a2ea04003be82f' } }
---

--- 2026-07-18T05:35:29.064Z debug
[InspectorProxyWorker] SEND TO RUNTIME {"method":"Runtime.getIsolateId","id":100000005}
---

--- 2026-07-18T05:35:29.067Z debug
[InspectorProxyWorker] RUNTIME INCOMING MESSAGE { id: 100000005, result: { id: '74a2ea04003be82f' } }
---

--- 2026-07-18T05:35:39.066Z debug
[InspectorProxyWorker] SEND TO RUNTIME {"method":"Runtime.getIsolateId","id":100000006}
---

--- 2026-07-18T05:35:39.072Z debug
[InspectorProxyWorker] RUNTIME INCOMING MESSAGE { id: 100000006, result: { id: '74a2ea04003be82f' } }
---

--- 2026-07-18T05:35:49.064Z debug
[InspectorProxyWorker] SEND TO RUNTIME {"method":"Runtime.getIsolateId","id":100000007}
---

--- 2026-07-18T05:35:49.067Z debug
[InspectorProxyWorker] RUNTIME INCOMING MESSAGE { id: 100000007, result: { id: '74a2ea04003be82f' } }
---

--- 2026-07-18T05:35:59.067Z debug
[InspectorProxyWorker] SEND TO RUNTIME {"method":"Runtime.getIsolateId","id":100000008}
---

--- 2026-07-18T05:35:59.071Z debug
[InspectorProxyWorker] RUNTIME INCOMING MESSAGE { id: 100000008, result: { id: '74a2ea04003be82f' } }
---

--- 2026-07-18T05:36:09.062Z debug
[InspectorProxyWorker] SEND TO RUNTIME {"method":"Runtime.getIsolateId","id":100000009}
---

--- 2026-07-18T05:36:09.066Z debug
[InspectorProxyWorker] RUNTIME INCOMING MESSAGE { id: 100000009, result: { id: '74a2ea04003be82f' } }
---

--- 2026-07-18T05:36:19.064Z debug
[InspectorProxyWorker] SEND TO RUNTIME {"method":"Runtime.getIsolateId","id":100000010}
---

--- 2026-07-18T05:36:19.070Z debug
[InspectorProxyWorker] RUNTIME INCOMING MESSAGE { id: 100000010, result: { id: '74a2ea04003be82f' } }
---

--- 2026-07-18T05:36:29.063Z debug
[InspectorProxyWorker] SEND TO RUNTIME {"method":"Runtime.getIsolateId","id":100000011}
---

--- 2026-07-18T05:36:29.067Z debug
[InspectorProxyWorker] RUNTIME INCOMING MESSAGE { id: 100000011, result: { id: '74a2ea04003be82f' } }
---

--- 2026-07-18T05:36:33.819Z debug
RemoteRuntimeController teardown beginning...
---

--- 2026-07-18T05:36:33.819Z debug
RemoteRuntimeController teardown complete
---

--- 2026-07-18T05:36:33.819Z log
⎔ Reloading local server...
---

--- 2026-07-18T05:36:33.826Z debug
[InspectorProxyWorker] RUNTIME INCOMING MESSAGE { id: 100000012, result: {} }
---

--- 2026-07-18T05:36:33.830Z debug
[InspectorProxyWorker] handleProxyControllerIncomingMessage {"type":"reloadStart"}
---

--- 2026-07-18T05:36:33.832Z debug
[InspectorProxyWorker] SEND TO RUNTIME {"method":"Runtime.discardConsoleEntries","id":100000012}
---

--- 2026-07-18T05:36:33.882Z debug
[InspectorProxyWorker] RUNTIME WEBSOCKET CLOSED 1006 WebSocket disconnected without sending Close frame.
---

--- 2026-07-18T05:36:33.960Z debug
[InspectorProxyWorker] handleProxyControllerIncomingMessage {"type":"reloadComplete","proxyData":{"userWorkerUrl":{"protocol":"http:","hostname":"127.0.0.1","port":"40005"},"userWorkerInspectorUrl":{"protocol":"ws:","hostname":"127.0.0.1","port":"38745","pathname":"/core:user:josmar-backend"},"userWorkerInnerUrlOverrides":{"protocol":"http:"},"headers":{"MF-Proxy-Shared-Secret":"95b06e42-512f-46a9-8fa2-41b904f7a52c"},"liveReload":false,"proxyLogsToController":false,"internalDurableObjects":[],"entrypointAddresses":{"default":{"host":"127.0.0.1","port":43949}}}}
---

--- 2026-07-18T05:36:33.961Z debug
[InspectorProxyWorker] reconnectRuntimeWebSocket
---

--- 2026-07-18T05:36:33.966Z debug
[InspectorProxyWorker] RUNTIME INCOMING MESSAGE {
  method: 'Runtime.executionContextCreated',
  params: {
    context: {
      id: 130667841,
      origin: '',
      name: 'Worker',
      uniqueId: '-2188678261409912587.8537383408508566593'
    }
  }
}
---

--- 2026-07-18T05:36:33.968Z debug
[InspectorProxyWorker] NEW RUNTIME WEBSOCKET http://127.0.0.1:38745/core:user:josmar-backend
---

--- 2026-07-18T05:36:33.969Z debug
[InspectorProxyWorker] RUNTIME INCOMING MESSAGE {
  method: 'Debugger.scriptParsed',
  params: {
    scriptId: '3',
    url: 'file:///home/bryan/Documents/josmar-website/backend/.wrangler/tmp/dev-FcAfsa/index.js',
    startLine: 0,
    startColumn: 0,
    endLine: 2689,
    endColumn: 99,
    executionContextId: 130667841,
    hash: '922ba0df5bd55ec80b460431ece4339a006df46b386c70c1130e0af26c8a41da',
    buildId: '',
    isLiveEdit: false,
    sourceMapURL: 'index.js.map',
    hasSourceURL: true,
    isModule: true,
    length: 102315,
    scriptLanguage: 'JavaScript',
    embedderName: 'index.js'
  }
}
---

--- 2026-07-18T05:36:33.969Z debug
[InspectorProxyWorker] RUNTIME INCOMING MESSAGE {
  method: 'Debugger.scriptParsed',
  params: {
    scriptId: '4',
    url: 'cloudflare-internal:d1-api',
    startLine: 0,
    startColumn: 0,
    endLine: 390,
    endColumn: 0,
    executionContextId: 130667841,
    hash: 'f4316a8ee94643f57695b89a32ed3b9c709663174472eaaf27b74b5813eff99e',
    buildId: '',
    isLiveEdit: false,
    sourceMapURL: '',
    hasSourceURL: false,
    isModule: true,
    length: 15076,
    scriptLanguage: 'JavaScript',
    embedderName: 'cloudflare-internal:d1-api'
  }
}
---

--- 2026-07-18T05:36:33.970Z debug
[InspectorProxyWorker] SEND TO DEVTOOLS {"method":"Runtime.executionContextsCleared"}
---

--- 2026-07-18T05:36:33.971Z debug
[InspectorProxyWorker] RUNTIME WEBSOCKET OPENED
---

--- 2026-07-18T05:36:33.973Z debug
[InspectorProxyWorker] SEND TO RUNTIME {"method":"Runtime.enable","id":100000013}
---

--- 2026-07-18T05:36:33.973Z debug
[InspectorProxyWorker] SEND TO RUNTIME {"method":"Debugger.enable","id":100000014}
---

--- 2026-07-18T05:36:33.974Z debug
[InspectorProxyWorker] SEND TO RUNTIME {"method":"Network.enable","id":100000015}
---

--- 2026-07-18T05:36:33.975Z debug
[InspectorProxyWorker] RUNTIME INCOMING MESSAGE { id: 100000013, result: {} }
---

--- 2026-07-18T05:36:33.977Z debug
[InspectorProxyWorker] RUNTIME INCOMING MESSAGE {
  id: 100000014,
  result: { debuggerId: '-4662761937568051565.5717163859416638759' }
}
---

--- 2026-07-18T05:36:33.982Z debug
[InspectorProxyWorker] RUNTIME INCOMING MESSAGE { id: 100000015, method: 'Network.enable', result: {} }
---

--- 2026-07-18T05:36:39.310Z debug
RemoteRuntimeController teardown beginning...
---

--- 2026-07-18T05:36:39.312Z debug
RemoteRuntimeController teardown complete
---

--- 2026-07-18T05:36:39.313Z log
⎔ Reloading local server...
---

--- 2026-07-18T05:36:39.361Z debug
[InspectorProxyWorker] RUNTIME INCOMING MESSAGE { id: 100000016, result: {} }
---

--- 2026-07-18T05:36:39.363Z debug
[InspectorProxyWorker] handleProxyControllerIncomingMessage {"type":"reloadStart"}
---

--- 2026-07-18T05:36:39.365Z debug
[InspectorProxyWorker] SEND TO RUNTIME {"method":"Runtime.discardConsoleEntries","id":100000016}
---

--- 2026-07-18T05:36:39.408Z debug
[InspectorProxyWorker] RUNTIME WEBSOCKET CLOSED 1006 WebSocket disconnected without sending Close frame.
---

--- 2026-07-18T05:36:39.503Z debug
[InspectorProxyWorker] RUNTIME WEBSOCKET OPENED
---

--- 2026-07-18T05:36:39.505Z debug
[InspectorProxyWorker] handleProxyControllerIncomingMessage {"type":"reloadComplete","proxyData":{"userWorkerUrl":{"protocol":"http:","hostname":"127.0.0.1","port":"37529"},"userWorkerInspectorUrl":{"protocol":"ws:","hostname":"127.0.0.1","port":"38745","pathname":"/core:user:josmar-backend"},"userWorkerInnerUrlOverrides":{"protocol":"http:"},"headers":{"MF-Proxy-Shared-Secret":"95b06e42-512f-46a9-8fa2-41b904f7a52c"},"liveReload":false,"proxyLogsToController":false,"internalDurableObjects":[],"entrypointAddresses":{"default":{"host":"127.0.0.1","port":43949}}}}
---

--- 2026-07-18T05:36:39.506Z debug
[InspectorProxyWorker] reconnectRuntimeWebSocket
---

--- 2026-07-18T05:36:39.508Z debug
[InspectorProxyWorker] NEW RUNTIME WEBSOCKET http://127.0.0.1:38745/core:user:josmar-backend
---

--- 2026-07-18T05:36:39.511Z debug
[InspectorProxyWorker] RUNTIME INCOMING MESSAGE {
  method: 'Debugger.scriptParsed',
  params: {
    scriptId: '3',
    url: 'file:///home/bryan/Documents/josmar-website/backend/.wrangler/tmp/dev-FcAfsa/index.js',
    startLine: 0,
    startColumn: 0,
    endLine: 2689,
    endColumn: 99,
    executionContextId: 420538977,
    hash: '922ba0df5bd55ec80b460431ece4339a006df46b386c70c1130e0af26c8a41da',
    buildId: '',
    isLiveEdit: false,
    sourceMapURL: 'index.js.map',
    hasSourceURL: true,
    isModule: true,
    length: 102315,
    scriptLanguage: 'JavaScript',
    embedderName: 'index.js'
  }
}
---

--- 2026-07-18T05:36:39.512Z debug
[InspectorProxyWorker] RUNTIME INCOMING MESSAGE {
  method: 'Debugger.scriptParsed',
  params: {
    scriptId: '4',
    url: 'cloudflare-internal:d1-api',
    startLine: 0,
    startColumn: 0,
    endLine: 390,
    endColumn: 0,
    executionContextId: 420538977,
    hash: 'f4316a8ee94643f57695b89a32ed3b9c709663174472eaaf27b74b5813eff99e',
    buildId: '',
    isLiveEdit: false,
    sourceMapURL: '',
    hasSourceURL: false,
    isModule: true,
    length: 15076,
    scriptLanguage: 'JavaScript',
    embedderName: 'cloudflare-internal:d1-api'
  }
}
---

--- 2026-07-18T05:36:39.513Z debug
[InspectorProxyWorker] RUNTIME INCOMING MESSAGE {
  id: 100000018,
  result: { debuggerId: '-1783907741182347024.8909807992701751225' }
}
---

--- 2026-07-18T05:36:39.513Z debug
[InspectorProxyWorker] SEND TO DEVTOOLS {"method":"Runtime.executionContextsCleared"}
---

--- 2026-07-18T05:36:39.514Z debug
[InspectorProxyWorker] SEND TO RUNTIME {"method":"Runtime.enable","id":100000017}
---

--- 2026-07-18T05:36:39.515Z debug
[InspectorProxyWorker] SEND TO RUNTIME {"method":"Debugger.enable","id":100000018}
---

--- 2026-07-18T05:36:39.516Z debug
[InspectorProxyWorker] SEND TO RUNTIME {"method":"Network.enable","id":100000019}
---

--- 2026-07-18T05:36:39.517Z debug
[InspectorProxyWorker] RUNTIME INCOMING MESSAGE {
  method: 'Runtime.executionContextCreated',
  params: {
    context: {
      id: 420538977,
      origin: '',
      name: 'Worker',
      uniqueId: '-8594909856345805476.1025888568171539584'
    }
  }
}
---

--- 2026-07-18T05:36:39.518Z debug
[InspectorProxyWorker] RUNTIME INCOMING MESSAGE { id: 100000017, result: {} }
---

--- 2026-07-18T05:36:39.518Z debug
[InspectorProxyWorker] RUNTIME INCOMING MESSAGE { id: 100000019, method: 'Network.enable', result: {} }
---
