
--- 2026-07-21T16:36:06.660Z debug
🪵  Writing logs to "/home/bryan/Documents/josmar-website/.config/.wrangler/logs/wrangler-2026-07-21_16-36-06_361.log"
---

--- 2026-07-21T16:36:06.659Z log
Proxy environment variables detected. We'll use your proxy for fetch requests.
---

--- 2026-07-21T16:36:06.800Z debug
Metrics dispatcher: Dispatching disabled - would have sent {"deviceId":"33e8dc9d-707a-4d07-8f81-ff537911538d","event":"wrangler command started","timestamp":1784651766800,"properties":{"amplitude_session_id":1784651766793,"amplitude_event_id":0,"wranglerVersion":"3.114.17","osPlatform":"Linux","osVersion":"#28~24.04.1-Ubuntu SMP PREEMPT_DYNAMIC Wed Jul  1 15:50:57 UTC 2","nodeVersion":18,"packageManager":"npm","isFirstUsage":true,"configFileType":"toml","isCI":false,"isPagesCI":false,"isWorkersCI":false,"isInteractive":true,"hasAssets":false,"argsUsed":[],"argsCombination":"","command":"wrangler dev","args":{}}}.
---

--- 2026-07-21T16:36:06.807Z debug
.env file not found at ".env". Continuing... For more details, refer to https://developers.cloudflare.com/workers/wrangler/system-environment-variables/
---

--- 2026-07-21T16:36:06.892Z log

 ⛅️ wrangler 3.114.17
---------------------

---

--- 2026-07-21T16:36:07.045Z debug
.env file not found at ".dev.vars". Continuing... For more details, refer to https://developers.cloudflare.com/workers/wrangler/system-environment-variables/
---

--- 2026-07-21T16:36:07.050Z log
Your Worker and resources are simulated locally via Miniflare. For more information, see: https://developers.cloudflare.com/workers/testing/local-development.

---

--- 2026-07-21T16:36:07.052Z log
Your worker has access to the following bindings:
- D1 Databases:
  - DB: josmar-db (local-db-id) [simulated locally]
- R2 Buckets:
  - MEDIA_BUCKET: josmar-media-preview [simulated locally]
- Vars:
  - JWT_SECRET: "super_secret_local_jwt_key_should_be_..."
---

--- 2026-07-21T16:36:07.409Z debug
RemoteRuntimeController teardown beginning...
---

--- 2026-07-21T16:36:07.409Z debug
RemoteRuntimeController teardown complete
---

--- 2026-07-21T16:36:07.414Z log
⎔ Starting local server...
---

--- 2026-07-21T16:36:07.742Z debug
[InspectorProxyWorker] handleProxyControllerIncomingMessage {"type":"reloadStart"}
---

--- 2026-07-21T16:36:07.895Z debug
[InspectorProxyWorker] handleProxyControllerIncomingMessage {"type":"reloadComplete","proxyData":{"userWorkerUrl":{"protocol":"http:","hostname":"127.0.0.1","port":"34763"},"userWorkerInspectorUrl":{"protocol":"ws:","hostname":"127.0.0.1","port":"45661","pathname":"/core:user:josmar-backend"},"userWorkerInnerUrlOverrides":{"protocol":"http:"},"headers":{"MF-Proxy-Shared-Secret":"00ad49d8-1ef2-45bf-a898-3a60f703d045"},"liveReload":false,"proxyLogsToController":false,"internalDurableObjects":[],"entrypointAddresses":{"default":{"host":"127.0.0.1","port":36703}}}}
---

--- 2026-07-21T16:36:07.923Z debug
[InspectorProxyWorker] RUNTIME INCOMING MESSAGE {
  method: 'Runtime.executionContextCreated',
  params: {
    context: {
      id: 169781601,
      origin: '',
      name: 'Worker',
      uniqueId: '2066136027569777509.7117183732636506238'
    }
  }
}
---

--- 2026-07-21T16:36:07.927Z debug
[InspectorProxyWorker] reconnectRuntimeWebSocket
---

--- 2026-07-21T16:36:07.934Z debug
[InspectorProxyWorker] RUNTIME INCOMING MESSAGE {
  method: 'Debugger.scriptParsed',
  params: {
    scriptId: '3',
    url: 'file:///home/bryan/Documents/josmar-website/backend/.wrangler/tmp/dev-f0sx4a/index.js',
    startLine: 0,
    startColumn: 0,
    endLine: 2943,
    endColumn: 99,
    executionContextId: 169781601,
    hash: '0eca8b2c7f27c6b4a20c1eab2a33265c5e85e92c78afe14e3705d501f74d0719',
    buildId: '',
    isLiveEdit: false,
    sourceMapURL: 'index.js.map',
    hasSourceURL: true,
    isModule: true,
    length: 110316,
    scriptLanguage: 'JavaScript',
    embedderName: 'index.js'
  }
}
---

--- 2026-07-21T16:36:07.938Z debug
[InspectorProxyWorker] NEW RUNTIME WEBSOCKET http://127.0.0.1:45661/core:user:josmar-backend
---

--- 2026-07-21T16:36:07.941Z debug
[InspectorProxyWorker] SEND TO DEVTOOLS {"method":"Runtime.executionContextsCleared"}
---

--- 2026-07-21T16:36:07.944Z debug
[InspectorProxyWorker] RUNTIME WEBSOCKET OPENED
---

--- 2026-07-21T16:36:07.947Z debug
[InspectorProxyWorker] SEND TO RUNTIME {"method":"Runtime.enable","id":100000001}
---

--- 2026-07-21T16:36:07.955Z debug
[InspectorProxyWorker] SEND TO RUNTIME {"method":"Debugger.enable","id":100000002}
---

--- 2026-07-21T16:36:07.959Z debug
[InspectorProxyWorker] SEND TO RUNTIME {"method":"Network.enable","id":100000003}
---

--- 2026-07-21T16:36:07.963Z debug
[InspectorProxyWorker] RUNTIME INCOMING MESSAGE { id: 100000001, result: {} }
---

--- 2026-07-21T16:36:07.970Z debug
[InspectorProxyWorker] RUNTIME INCOMING MESSAGE {
  method: 'Debugger.scriptParsed',
  params: {
    scriptId: '4',
    url: 'cloudflare-internal:d1-api',
    startLine: 0,
    startColumn: 0,
    endLine: 390,
    endColumn: 0,
    executionContextId: 169781601,
    hash: 'f4316a8ee94643f57695b89a32ed3b9c709663174472eaaf27b74b5813eff99e',
    buildId: '',
    isLiveEdit: false,
    sourceMapURL: '',
    hasSourceURL: false,
    isModule: true,
    length: 15076,
    scriptLanguage: 'JavaScript',
    embedderName: 'cloudflare-internal:d1-api'
  }
}
---

--- 2026-07-21T16:36:07.974Z debug
[InspectorProxyWorker] RUNTIME INCOMING MESSAGE {
  id: 100000002,
  result: { debuggerId: '-5031735124372044233.5247770887832098091' }
}
---

--- 2026-07-21T16:36:07.977Z debug
[InspectorProxyWorker] RUNTIME INCOMING MESSAGE { id: 100000003, method: 'Network.enable', result: {} }
---

--- 2026-07-21T16:36:17.892Z debug
[InspectorProxyWorker] SEND TO RUNTIME {"method":"Runtime.getIsolateId","id":100000004}
---

--- 2026-07-21T16:36:17.896Z debug
[InspectorProxyWorker] RUNTIME INCOMING MESSAGE { id: 100000004, result: { id: 'c26a750904ab8891' } }
---

--- 2026-07-21T16:36:27.889Z debug
[InspectorProxyWorker] SEND TO RUNTIME {"method":"Runtime.getIsolateId","id":100000005}
---

--- 2026-07-21T16:36:27.891Z debug
[InspectorProxyWorker] RUNTIME INCOMING MESSAGE { id: 100000005, result: { id: 'c26a750904ab8891' } }
---

--- 2026-07-21T16:36:37.889Z debug
[InspectorProxyWorker] SEND TO RUNTIME {"method":"Runtime.getIsolateId","id":100000006}
---

--- 2026-07-21T16:36:37.896Z debug
[InspectorProxyWorker] RUNTIME INCOMING MESSAGE { id: 100000006, result: { id: 'c26a750904ab8891' } }
---

--- 2026-07-21T16:36:47.888Z debug
[InspectorProxyWorker] SEND TO RUNTIME {"method":"Runtime.getIsolateId","id":100000007}
---

--- 2026-07-21T16:36:47.892Z debug
[InspectorProxyWorker] RUNTIME INCOMING MESSAGE { id: 100000007, result: { id: 'c26a750904ab8891' } }
---

--- 2026-07-21T16:36:57.891Z debug
[InspectorProxyWorker] SEND TO RUNTIME {"method":"Runtime.getIsolateId","id":100000008}
---

--- 2026-07-21T16:36:57.895Z debug
[InspectorProxyWorker] RUNTIME INCOMING MESSAGE { id: 100000008, result: { id: 'c26a750904ab8891' } }
---

--- 2026-07-21T16:37:07.887Z debug
[InspectorProxyWorker] SEND TO RUNTIME {"method":"Runtime.getIsolateId","id":100000009}
---

--- 2026-07-21T16:37:07.891Z debug
[InspectorProxyWorker] RUNTIME INCOMING MESSAGE { id: 100000009, result: { id: 'c26a750904ab8891' } }
---

--- 2026-07-21T16:37:17.888Z debug
[InspectorProxyWorker] SEND TO RUNTIME {"method":"Runtime.getIsolateId","id":100000010}
---

--- 2026-07-21T16:37:17.891Z debug
[InspectorProxyWorker] RUNTIME INCOMING MESSAGE { id: 100000010, result: { id: 'c26a750904ab8891' } }
---

--- 2026-07-21T16:37:27.889Z debug
[InspectorProxyWorker] SEND TO RUNTIME {"method":"Runtime.getIsolateId","id":100000011}
---

--- 2026-07-21T16:37:27.892Z debug
[InspectorProxyWorker] RUNTIME INCOMING MESSAGE { id: 100000011, result: { id: 'c26a750904ab8891' } }
---

--- 2026-07-21T16:37:37.888Z debug
[InspectorProxyWorker] SEND TO RUNTIME {"method":"Runtime.getIsolateId","id":100000012}
---

--- 2026-07-21T16:37:37.890Z debug
[InspectorProxyWorker] RUNTIME INCOMING MESSAGE { id: 100000012, result: { id: 'c26a750904ab8891' } }
---
