
--- 2026-07-18T10:17:55.919Z debug
🪵  Writing logs to "/home/bryan/Documents/josmar-website/.config/.wrangler/logs/wrangler-2026-07-18_10-17-55_421.log"
---

--- 2026-07-18T10:17:55.919Z log
Proxy environment variables detected. We'll use your proxy for fetch requests.
---

--- 2026-07-18T10:17:56.086Z debug
Metrics dispatcher: Dispatching disabled - would have sent {"deviceId":"33e8dc9d-707a-4d07-8f81-ff537911538d","event":"wrangler command started","timestamp":1784369876086,"properties":{"amplitude_session_id":1784369876081,"amplitude_event_id":0,"wranglerVersion":"3.114.17","osPlatform":"Linux","osVersion":"#28~24.04.1-Ubuntu SMP PREEMPT_DYNAMIC Wed Jul  1 15:50:57 UTC 2","nodeVersion":18,"packageManager":"npm","isFirstUsage":true,"configFileType":"toml","isCI":false,"isPagesCI":false,"isWorkersCI":false,"isInteractive":true,"hasAssets":false,"argsUsed":["local"],"argsCombination":"local","command":"wrangler d1 execute","args":{}}}.
---

--- 2026-07-18T10:17:56.094Z debug
.env file not found at ".env". Continuing... For more details, refer to https://developers.cloudflare.com/workers/wrangler/system-environment-variables/
---

--- 2026-07-18T10:17:56.197Z log

 ⛅️ wrangler 3.114.17
---------------------

---

--- 2026-07-18T10:17:56.216Z debug
No experimental flag store instantiated
---

--- 2026-07-18T10:17:56.216Z debug
Attempted to use flag "RESOURCES_PROVISION" which has not been instantiated
---

--- 2026-07-18T10:17:56.217Z debug
No experimental flag store instantiated
---

--- 2026-07-18T10:17:56.217Z debug
Attempted to use flag "RESOURCES_PROVISION" which has not been instantiated
---

--- 2026-07-18T10:17:56.226Z log
🌀 Executing on local database josmar-db (local-db-id) from .wrangler/state/v3/d1:
---

--- 2026-07-18T10:17:56.227Z log
🌀 To execute on your remote database, add a --remote flag to your wrangler command.
---

--- 2026-07-18T10:17:57.664Z log
🚣 1 command executed successfully.
---

--- 2026-07-18T10:17:57.759Z log
┌─────────────────┬────────────────────────────┬────────────────────────────┬──────┬─────────────────┬───────────────────────────┬──────────────────────────────────────────────────────────────┬────────┬────────────────┬───────┬────────┬─────────────────────┬─────────────────────┬────────────┐
│ id              │ name                       │ path                       │ size │ mime_type       │ alt_text                  │ caption                                                      │ folder │ thumbnail_path │ width │ height │ created_at          │ updated_at          │ deleted_at │
├─────────────────┼────────────────────────────┼────────────────────────────┼──────┼─────────────────┼───────────────────────────┼──────────────────────────────────────────────────────────────┼────────┼────────────────┼───────┼────────┼─────────────────────┼─────────────────────┼────────────┤
│ med-svc-1       │ services-structural.svg    │ services-structural.svg    │ 1024 │ image/svg+xml   │ Structural Engineering    │ Structural engineering illustration                          │ /      │ null           │ null  │ null   │ 2026-07-18 10:15:42 │ 2026-07-18 10:15:42 │ null       │
├─────────────────┼────────────────────────────┼────────────────────────────┼──────┼─────────────────┼───────────────────────────┼──────────────────────────────────────────────────────────────┼────────┼────────────────┼───────┼────────┼─────────────────────┼─────────────────────┼────────────┤
│ med-svc-2       │ services-environmental.svg │ services-environmental.svg │ 1024 │ image/svg+xml   │ Environmental Engineering │ Environmental assessment illustration                        │ /      │ null           │ null  │ null   │ 2026-07-18 10:15:42 │ 2026-07-18 10:15:42 │ null       │
├─────────────────┼────────────────────────────┼────────────────────────────┼──────┼─────────────────┼───────────────────────────┼──────────────────────────────────────────────────────────────┼────────┼────────────────┼───────┼────────┼─────────────────────┼─────────────────────┼────────────┤
│ med-svc-3       │ services-civil.svg         │ services-civil.svg         │ 1024 │ image/svg+xml   │ Civil Engineering         │ Civil infrastructure design illustration                     │ /      │ null           │ null  │ null   │ 2026-07-18 10:15:42 │ 2026-07-18 10:15:42 │ null       │
├─────────────────┼────────────────────────────┼────────────────────────────┼──────┼─────────────────┼───────────────────────────┼──────────────────────────────────────────────────────────────┼────────┼────────────────┼───────┼────────┼─────────────────────┼─────────────────────┼────────────┤
│ med-doc-1       │ brochure-sample.pdf        │ brochure-sample.pdf        │ 512  │ application/pdf │ Company Brochure PDF      │ Engineering service capabilities brochure                    │ /      │ null           │ null  │ null   │ 2026-07-18 10:15:42 │ 2026-07-18 10:15:42 │ null       │
├─────────────────┼────────────────────────────┼────────────────────────────┼──────┼─────────────────┼───────────────────────────┼──────────────────────────────────────────────────────────────┼────────┼────────────────┼───────┼────────┼─────────────────────┼─────────────────────┼────────────┤
│ med-proj-1      │ projects-retrofit.svg      │ projects-retrofit.svg      │ 1024 │ image/svg+xml   │ Bridge Retrofitting       │ Seismic retrofitting construction                            │ /      │ null           │ null  │ null   │ 2026-07-18 10:15:42 │ 2026-07-18 10:15:42 │ null       │
├─────────────────┼────────────────────────────┼────────────────────────────┼──────┼─────────────────┼───────────────────────────┼──────────────────────────────────────────────────────────────┼────────┼────────────────┼───────┼────────┼─────────────────────┼─────────────────────┼────────────┤
│ med-proj-2      │ projects-stormwater.svg    │ projects-stormwater.svg    │ 1024 │ image/svg+xml   │ Stormwater Reservoir      │ Retention pond design layout                                 │ /      │ null           │ null  │ null   │ 2026-07-18 10:15:42 │ 2026-07-18 10:15:42 │ null       │
├─────────────────┼────────────────────────────┼────────────────────────────┼──────┼─────────────────┼───────────────────────────┼──────────────────────────────────────────────────────────────┼────────┼────────────────┼───────┼────────┼─────────────────────┼─────────────────────┼────────────┤
│ med-proj-3      │ projects-roadway.svg       │ projects-roadway.svg       │ 1024 │ image/svg+xml   │ Roadway Construction      │ Paving and traffic routing design                            │ /      │ null           │ null  │ null   │ 2026-07-18 10:15:42 │ 2026-07-18 10:15:42 │ null       │
├─────────────────┼────────────────────────────┼────────────────────────────┼──────┼─────────────────┼───────────────────────────┼──────────────────────────────────────────────────────────────┼────────┼────────────────┼───────┼────────┼─────────────────────┼─────────────────────┼────────────┤
│ med-cert-logo-1 │ cert-iso9001-logo.svg      │ cert-iso9001-logo.svg      │ 1024 │ image/svg+xml   │ ISO Logo                  │ ISO 9001 Logo Badge                                          │ /      │ null           │ null  │ null   │ 2026-07-18 10:15:42 │ 2026-07-18 10:15:42 │ null       │
├─────────────────┼────────────────────────────┼────────────────────────────┼──────┼─────────────────┼───────────────────────────┼──────────────────────────────────────────────────────────────┼────────┼────────────────┼───────┼────────┼─────────────────────┼─────────────────────┼────────────┤
│ med-cert-img-1  │ cert-iso9001.svg           │ cert-iso9001.svg           │ 1024 │ image/svg+xml   │ ISO Certificate           │ ISO 9001 quality compliance certificate                      │ /      │ null           │ null  │ null   │ 2026-07-18 10:15:42 │ 2026-07-18 10:15:42 │ null       │
├─────────────────┼────────────────────────────┼────────────────────────────┼──────┼─────────────────┼───────────────────────────┼──────────────────────────────────────────────────────────────┼────────┼────────────────┼───────┼────────┼─────────────────────┼─────────────────────┼────────────┤
│ med-cert-logo-2 │ cert-leed-logo.svg         │ cert-leed-logo.svg         │ 1024 │ image/svg+xml   │ LEED Logo                 │ LEED Gold Emblem Badge                                       │ /      │ null           │ null  │ null   │ 2026-07-18 10:15:42 │ 2026-07-18 10:15:42 │ null       │
├─────────────────┼────────────────────────────┼────────────────────────────┼──────┼─────────────────┼───────────────────────────┼──────────────────────────────────────────────────────────────┼────────┼────────────────┼───────┼────────┼─────────────────────┼─────────────────────┼────────────┤
│ med-cert-img-2  │ cert-leed.svg              │ cert-leed.svg              │ 1024 │ image/svg+xml   │ LEED Certificate          │ LEED Gold credential proof                                   │ /      │ null           │ null  │ null   │ 2026-07-18 10:15:42 │ 2026-07-18 10:15:42 │ null       │
├─────────────────┼────────────────────────────┼────────────────────────────┼──────┼─────────────────┼───────────────────────────┼──────────────────────────────────────────────────────────────┼────────┼────────────────┼───────┼────────┼─────────────────────┼─────────────────────┼────────────┤
│ med-cert-img-3  │ cert-nspe.svg              │ cert-nspe.svg              │ 1024 │ image/svg+xml   │ NSPE Member Certificate   │ NSPE corporate active membership certificate                 │ /      │ null           │ null  │ null   │ 2026-07-18 10:15:42 │ 2026-07-18 10:15:42 │ null       │
├─────────────────┼────────────────────────────┼────────────────────────────┼──────┼─────────────────┼───────────────────────────┼──────────────────────────────────────────────────────────────┼────────┼────────────────┼───────┼────────┼─────────────────────┼─────────────────────┼────────────┤
│ med-cert-img-4  │ cert-osha.svg              │ cert-osha.svg              │ 1024 │ image/svg+xml   │ OSHA Safety Certification │ OSHA 30-Hour safety card registration                        │ /      │ null           │ null  │ null   │ 2026-07-18 10:15:42 │ 2026-07-18 10:15:42 │ null       │
├─────────────────┼────────────────────────────┼────────────────────────────┼──────┼─────────────────┼───────────────────────────┼──────────────────────────────────────────────────────────────┼────────┼────────────────┼───────┼────────┼─────────────────────┼─────────────────────┼────────────┤
│ med-gal-1       │ gallery-bim.svg            │ gallery-bim.svg            │ 1024 │ image/svg+xml   │ BIM model screenshot      │ 3D design and structural model rendering                     │ /      │ null           │ null  │ null   │ 2026-07-18 10:15:42 │ 2026-07-18 10:15:42 │ null       │
├─────────────────┼────────────────────────────┼────────────────────────────┼──────┼─────────────────┼───────────────────────────┼──────────────────────────────────────────────────────────────┼────────┼────────────────┼───────┼────────┼─────────────────────┼─────────────────────┼────────────┤
│ med-gal-2       │ gallery-site.svg           │ gallery-site.svg           │ 1024 │ image/svg+xml   │ Concrete pour checking    │ Engineers checking foundation reinforcement steel grid       │ /      │ null           │ null  │ null   │ 2026-07-18 10:15:42 │ 2026-07-18 10:15:42 │ null       │
├─────────────────┼────────────────────────────┼────────────────────────────┼──────┼─────────────────┼───────────────────────────┼──────────────────────────────────────────────────────────────┼────────┼────────────────┼───────┼────────┼─────────────────────┼─────────────────────┼────────────┤
│ med-gal-3       │ gallery-bridge.svg         │ gallery-bridge.svg         │ 1024 │ image/svg+xml   │ Finished Tech City Bridge │ Clean architectural view of the newly completed roadway span │ /      │ null           │ null  │ null   │ 2026-07-18 10:15:42 │ 2026-07-18 10:15:42 │ null       │
└─────────────────┴────────────────────────────┴────────────────────────────┴──────┴─────────────────┴───────────────────────────┴──────────────────────────────────────────────────────────────┴────────┴────────────────┴───────┴────────┴─────────────────────┴─────────────────────┴────────────┘
---

--- 2026-07-18T10:17:57.767Z debug
Metrics dispatcher: Dispatching disabled - would have sent {"deviceId":"33e8dc9d-707a-4d07-8f81-ff537911538d","event":"wrangler command completed","timestamp":1784369877767,"properties":{"amplitude_session_id":1784369876081,"amplitude_event_id":1,"wranglerVersion":"3.114.17","osPlatform":"Linux","osVersion":"#28~24.04.1-Ubuntu SMP PREEMPT_DYNAMIC Wed Jul  1 15:50:57 UTC 2","nodeVersion":18,"packageManager":"npm","isFirstUsage":true,"configFileType":"toml","isCI":false,"isPagesCI":false,"isWorkersCI":false,"isInteractive":true,"hasAssets":false,"argsUsed":["local"],"argsCombination":"local","command":"wrangler d1 execute","args":{},"durationMs":1806,"durationSeconds":1.806,"durationMinutes":0.030100000000000002}}.
---
