
--- 2026-07-18T10:11:28.808Z debug
🪵  Writing logs to "/home/bryan/Documents/josmar-website/.config/.wrangler/logs/wrangler-2026-07-18_10-11-28_460.log"
---

--- 2026-07-18T10:11:28.807Z log
Proxy environment variables detected. We'll use your proxy for fetch requests.
---

--- 2026-07-18T10:11:28.979Z debug
Metrics dispatcher: Dispatching disabled - would have sent {"deviceId":"33e8dc9d-707a-4d07-8f81-ff537911538d","event":"wrangler command started","timestamp":1784369488979,"properties":{"amplitude_session_id":1784369488971,"amplitude_event_id":0,"wranglerVersion":"3.114.17","osPlatform":"Linux","osVersion":"#28~24.04.1-Ubuntu SMP PREEMPT_DYNAMIC Wed Jul  1 15:50:57 UTC 2","nodeVersion":18,"packageManager":"npm","isFirstUsage":true,"configFileType":"toml","isCI":false,"isPagesCI":false,"isWorkersCI":false,"isInteractive":true,"hasAssets":false,"argsUsed":["local"],"argsCombination":"local","command":"wrangler d1 execute","args":{}}}.
---

--- 2026-07-18T10:11:28.985Z debug
.env file not found at ".env". Continuing... For more details, refer to https://developers.cloudflare.com/workers/wrangler/system-environment-variables/
---

--- 2026-07-18T10:11:29.099Z log

 ⛅️ wrangler 3.114.17
---------------------

---

--- 2026-07-18T10:11:29.119Z debug
No experimental flag store instantiated
---

--- 2026-07-18T10:11:29.119Z debug
Attempted to use flag "RESOURCES_PROVISION" which has not been instantiated
---

--- 2026-07-18T10:11:29.120Z debug
No experimental flag store instantiated
---

--- 2026-07-18T10:11:29.120Z debug
Attempted to use flag "RESOURCES_PROVISION" which has not been instantiated
---

--- 2026-07-18T10:11:29.130Z log
🌀 Executing on local database josmar-db (local-db-id) from .wrangler/state/v3/d1:
---

--- 2026-07-18T10:11:29.131Z log
🌀 To execute on your remote database, add a --remote flag to your wrangler command.
---
