
--- 2026-07-18T06:14:13.677Z debug
🪵  Writing logs to "/home/bryan/Documents/josmar-website/.config/.wrangler/logs/wrangler-2026-07-18_06-14-13_576.log"
---

--- 2026-07-18T06:14:13.677Z log
Proxy environment variables detected. We'll use your proxy for fetch requests.
---

--- 2026-07-18T06:14:13.735Z debug
Metrics dispatcher: Dispatching disabled - would have sent {"deviceId":"33e8dc9d-707a-4d07-8f81-ff537911538d","event":"wrangler command started","timestamp":1784355253735,"properties":{"amplitude_session_id":1784355253733,"amplitude_event_id":0,"wranglerVersion":"3.114.17","osPlatform":"Linux","osVersion":"#40~24.04.1-Ubuntu SMP PREEMPT_DYNAMIC Tue Jun 23 16:48:12 UTC 2","nodeVersion":18,"packageManager":"npm","isFirstUsage":true,"configFileType":"toml","isCI":false,"isPagesCI":false,"isWorkersCI":false,"isInteractive":true,"hasAssets":false,"argsUsed":["local"],"argsCombination":"local","command":"wrangler d1 execute","args":{}}}.
---

--- 2026-07-18T06:14:13.738Z debug
.env file not found at ".env". Continuing... For more details, refer to https://developers.cloudflare.com/workers/wrangler/system-environment-variables/
---

--- 2026-07-18T06:14:13.805Z log

 ⛅️ wrangler 3.114.17
---------------------

---

--- 2026-07-18T06:14:13.810Z debug
No experimental flag store instantiated
---

--- 2026-07-18T06:14:13.810Z debug
Attempted to use flag "RESOURCES_PROVISION" which has not been instantiated
---

--- 2026-07-18T06:14:13.810Z debug
No experimental flag store instantiated
---

--- 2026-07-18T06:14:13.810Z debug
Attempted to use flag "RESOURCES_PROVISION" which has not been instantiated
---

--- 2026-07-18T06:14:13.816Z log
🌀 Executing on local database josmar-db (local-db-id) from .wrangler/state/v3/d1:
---

--- 2026-07-18T06:14:13.817Z log
🌀 To execute on your remote database, add a --remote flag to your wrangler command.
---

--- 2026-07-18T06:14:14.224Z log
🚣 4 commands executed successfully.
---

--- 2026-07-18T06:14:14.225Z debug
Metrics dispatcher: Dispatching disabled - would have sent {"deviceId":"33e8dc9d-707a-4d07-8f81-ff537911538d","event":"wrangler command completed","timestamp":1784355254225,"properties":{"amplitude_session_id":1784355253733,"amplitude_event_id":1,"wranglerVersion":"3.114.17","osPlatform":"Linux","osVersion":"#40~24.04.1-Ubuntu SMP PREEMPT_DYNAMIC Tue Jun 23 16:48:12 UTC 2","nodeVersion":18,"packageManager":"npm","isFirstUsage":true,"configFileType":"toml","isCI":false,"isPagesCI":false,"isWorkersCI":false,"isInteractive":true,"hasAssets":false,"argsUsed":["local"],"argsCombination":"local","command":"wrangler d1 execute","args":{},"durationMs":536,"durationSeconds":0.536,"durationMinutes":0.008933333333333333}}.
---
