
--- 2026-07-18T10:18:48.801Z debug
🪵  Writing logs to "/home/bryan/Documents/josmar-website/.config/.wrangler/logs/wrangler-2026-07-18_10-18-48_396.log"
---

--- 2026-07-18T10:18:48.800Z log
Proxy environment variables detected. We'll use your proxy for fetch requests.
---

--- 2026-07-18T10:18:49.113Z debug
Metrics dispatcher: Dispatching disabled - would have sent {"deviceId":"33e8dc9d-707a-4d07-8f81-ff537911538d","event":"wrangler command started","timestamp":1784369929113,"properties":{"amplitude_session_id":1784369929105,"amplitude_event_id":0,"wranglerVersion":"3.114.17","osPlatform":"Linux","osVersion":"#28~24.04.1-Ubuntu SMP PREEMPT_DYNAMIC Wed Jul  1 15:50:57 UTC 2","nodeVersion":18,"packageManager":"npm","isFirstUsage":true,"configFileType":"toml","isCI":false,"isPagesCI":false,"isWorkersCI":false,"isInteractive":true,"hasAssets":false,"argsUsed":["local"],"argsCombination":"local","command":"wrangler d1 execute","args":{}}}.
---

--- 2026-07-18T10:18:49.121Z debug
.env file not found at ".env". Continuing... For more details, refer to https://developers.cloudflare.com/workers/wrangler/system-environment-variables/
---

--- 2026-07-18T10:18:49.260Z log

 ⛅️ wrangler 3.114.17
---------------------

---

--- 2026-07-18T10:18:49.285Z debug
No experimental flag store instantiated
---

--- 2026-07-18T10:18:49.285Z debug
Attempted to use flag "RESOURCES_PROVISION" which has not been instantiated
---

--- 2026-07-18T10:18:49.286Z debug
No experimental flag store instantiated
---

--- 2026-07-18T10:18:49.286Z debug
Attempted to use flag "RESOURCES_PROVISION" which has not been instantiated
---

--- 2026-07-18T10:18:49.308Z log
🌀 Executing on local database josmar-db (local-db-id) from .wrangler/state/v3/d1:
---

--- 2026-07-18T10:18:49.309Z log
🌀 To execute on your remote database, add a --remote flag to your wrangler command.
---

--- 2026-07-18T10:18:51.243Z log
🚣 17 commands executed successfully.
---

--- 2026-07-18T10:18:51.249Z debug
Metrics dispatcher: Dispatching disabled - would have sent {"deviceId":"33e8dc9d-707a-4d07-8f81-ff537911538d","event":"wrangler command completed","timestamp":1784369931249,"properties":{"amplitude_session_id":1784369929105,"amplitude_event_id":1,"wranglerVersion":"3.114.17","osPlatform":"Linux","osVersion":"#28~24.04.1-Ubuntu SMP PREEMPT_DYNAMIC Wed Jul  1 15:50:57 UTC 2","nodeVersion":18,"packageManager":"npm","isFirstUsage":true,"configFileType":"toml","isCI":false,"isPagesCI":false,"isWorkersCI":false,"isInteractive":true,"hasAssets":false,"argsUsed":["local"],"argsCombination":"local","command":"wrangler d1 execute","args":{},"durationMs":2297,"durationSeconds":2.297,"durationMinutes":0.038283333333333336}}.
---
